BL51 BANKED LINKER/LOCATER V6.22                                                        07/04/2018  11:12:40  PAGE 1


BL51 BANKED LINKER/LOCATER V6.22, INVOKED BY:
C:\KEIL_C51\C51\BIN\BL51.EXE STARTUP.obj, test.obj TO test RAMSIZE (256)


MEMORY MODEL: SMALL


INPUT MODULES INCLUDED:
  STARTUP.obj (?C_STARTUP)
  test.obj (TEST)
  C:\KEIL_C51\C51\LIB\C51S.LIB (?C_INIT)


LINK MAP OF MODULE:  test (?C_STARTUP)


            TYPE    BASE      LENGTH    RELOCATION   SEGMENT NAME
            -----------------------------------------------------

            * * * * * * *   D A T A   M E M O R Y   * * * * * * *
            REG     0000H     0008H     ABSOLUTE     "REG BANK 0"
            DATA    0008H     0007H     UNIT         ?DT?TEST
            DATA    000FH     0002H     UNIT         ?DT?MATRIXKEYSCAN?TEST
            IDATA   0011H     0001H     UNIT         ?STACK

            * * * * * * *   C O D E   M E M O R Y   * * * * * * *
            CODE    0000H     0003H     ABSOLUTE     
                    0003H     0008H                  *** GAP ***
            CODE    000BH     0003H     ABSOLUTE     
                    000EH     07F2H                  *** GAP ***
            CODE    0800H     0161H     UNIT         ?PR?MATRIXKEYSCAN?TEST
            CODE    0961H     008CH     UNIT         ?C_C51STARTUP
            CODE    09EDH     0040H     UNIT         ?PR?_DISPLAY?TEST
            CODE    0A2DH     0036H     UNIT         ?PR?MAIN0?TEST
            CODE    0A63H     0014H     UNIT         ?PR?_DELAY?TEST
            CODE    0A77H     0010H     UNIT         ?CO?TEST
            CODE    0A87H     000CH     UNIT         ?PR?_DISPLAYKEYNUM?TEST
            CODE    0A93H     000CH     UNIT         ?PR?MAIN?TEST
            CODE    0A9FH     0009H     UNIT         ?PR?TIME0?TEST
            CODE    0AA8H     0005H     UNIT         ?PR?MAIN1?TEST
            CODE    0AADH     0004H     UNIT         ?C_INITSEG



OVERLAY MAP OF MODULE:   test (?C_STARTUP)


SEGMENT
  +--> CALLED SEGMENT
---------------------
?C_C51STARTUP
  +--> ?PR?MAIN?TEST
  +--> ?C_INITSEG

?PR?MAIN?TEST
  +--> ?PR?_DELAY?TEST


BL51 BANKED LINKER/LOCATER V6.22                                                      07/04/2018  11:12:40  PAGE 2



SYMBOL TABLE OF MODULE:  test (?C_STARTUP)

  VALUE           TYPE          NAME
  ----------------------------------

  -------         MODULE        ?C_STARTUP
  C:0961H         SEGMENT       ?C_C51STARTUP
  I:0011H         SEGMENT       ?STACK
  C:0000H         PUBLIC        ?C_STARTUP
  D:00E0H         SYMBOL        ACC
  D:00F0H         SYMBOL        B
  D:0083H         SYMBOL        DPH
  D:0082H         SYMBOL        DPL
  N:0000H         SYMBOL        IBPSTACK
  N:0100H         SYMBOL        IBPSTACKTOP
  N:0080H         SYMBOL        IDATALEN
  C:0964H         SYMBOL        IDATALOOP
  N:0000H         SYMBOL        PBPSTACK
  N:0100H         SYMBOL        PBPSTACKTOP
  N:0000H         SYMBOL        PDATALEN
  N:0000H         SYMBOL        PDATASTART
  N:0000H         SYMBOL        PPAGE
  N:0000H         SYMBOL        PPAGEENABLE
  D:00A0H         SYMBOL        PPAGE_SFR
  D:0081H         SYMBOL        SP
  C:0961H         SYMBOL        STARTUP1
  N:0000H         SYMBOL        XBPSTACK
  N:0000H         SYMBOL        XBPSTACKTOP
  N:0000H         SYMBOL        XDATALEN
  N:0000H         SYMBOL        XDATASTART
  C:0000H         LINE#         126
  C:0961H         LINE#         133
  C:0963H         LINE#         134
  C:0964H         LINE#         135
  C:0965H         LINE#         136
  C:0967H         LINE#         185
  C:096AH         LINE#         196
  -------         ENDMOD        ?C_STARTUP

  -------         MODULE        TEST
  C:0000H         SYMBOL        _ICE_DUMMY_
  D:0080H         PUBLIC        P0
  D:0090H         PUBLIC        P1
  D:00A0H         PUBLIC        P2
  D:00B0H         PUBLIC        P3
  B:00A8H.7       PUBLIC        EA
  C:0A77H         PUBLIC        table
  C:0800H         PUBLIC        matrixkeyscan
  C:0A63H         PUBLIC        _delay
  D:0008H         PUBLIC        c0
  D:0009H         PUBLIC        c1
  C:0A93H         PUBLIC        main
  B:00A0H.6       PUBLIC        dula
  B:00A0H.7       PUBLIC        wela
  D:0089H         PUBLIC        TMOD
  B:00A8H.1       PUBLIC        ET0
BL51 BANKED LINKER/LOCATER V6.22                                                      07/04/2018  11:12:40  PAGE 3


  D:008CH         PUBLIC        TH0
  D:008AH         PUBLIC        TL0
  B:0088H.4       PUBLIC        TR0
  C:0A2DH         PUBLIC        main0
  C:0AA8H         PUBLIC        main1
  C:0A87H         PUBLIC        _displayKeyNum
  D:000AH         PUBLIC        pp
  C:0A9FH         PUBLIC        time0
  D:000BH         PUBLIC        j
  D:000CH         PUBLIC        k
  D:000DH         PUBLIC        m
  D:000EH         PUBLIC        n
  C:0A01H         PUBLIC        _display
  -------         PROC          _DELAY
  D:0007H         SYMBOL        i
  C:0A63H         LINE#         18
  C:0A63H         LINE#         19
  C:0A63H         LINE#         20
  C:0A6CH         LINE#         21
  C:0A76H         LINE#         22
  -------         ENDPROC       _DELAY
  C:09EDH         SYMBOL        L?0060
  C:09F8H         SYMBOL        L?0061
  -------         PROC          L?0059
  -------         ENDPROC       L?0059
  C:09EDH         SYMBOL        L?0060
  C:09F8H         SYMBOL        L?0061
  -------         PROC          _DISPLAY
  D:0007H         SYMBOL        a
  D:0005H         SYMBOL        b
  C:0A01H         LINE#         26
  C:0A01H         LINE#         27
  C:0A01H         LINE#         29
  C:0A03H         LINE#         30
  C:0A0AH         LINE#         31
  C:0A0FH         LINE#         32
  C:0A11H         LINE#         33
  C:0A13H         LINE#         34
  C:0A16H         LINE#         35
  C:0A18H         LINE#         39
  C:0A1AH         LINE#         40
  C:0A1EH         LINE#         41
  C:0A23H         LINE#         42
  C:0A25H         LINE#         44
  C:0A27H         LINE#         45
  C:0A2AH         LINE#         46
  C:0A2CH         LINE#         48
  -------         ENDPROC       _DISPLAY
  -------         PROC          _DISPLAYKEYNUM
  D:0007H         SYMBOL        num
  C:0A87H         LINE#         51
  C:0A87H         LINE#         52
  C:0A87H         LINE#         53
  C:0A8EH         LINE#         54
  C:0A90H         LINE#         55
  C:0A92H         LINE#         56
  -------         ENDPROC       _DISPLAYKEYNUM
BL51 BANKED LINKER/LOCATER V6.22                                                      07/04/2018  11:12:40  PAGE 4


  -------         PROC          MATRIXKEYSCAN
  -------         DO            
  D:000FH         SYMBOL        temp
  D:0010H         SYMBOL        key
  -------         ENDDO         
  C:0800H         LINE#         60
  C:0800H         LINE#         61
  C:0800H         LINE#         63
  C:0803H         LINE#         64
  C:0806H         LINE#         65
  C:0809H         LINE#         66
  C:080FH         LINE#         67
  C:080FH         LINE#         68
  C:0814H         LINE#         69
  C:0817H         LINE#         70
  C:081AH         LINE#         71
  C:0820H         LINE#         72
  C:0820H         LINE#         73
  C:0823H         LINE#         74
  C:0835H         LINE#         75
  C:0835H         LINE#         76
  C:0835H         LINE#         77
  C:0838H         LINE#         78
  C:083AH         LINE#         80
  C:083AH         LINE#         81
  C:083DH         LINE#         82
  C:083FH         LINE#         84
  C:083FH         LINE#         85
  C:0842H         LINE#         86
  C:0844H         LINE#         88
  C:0844H         LINE#         89
  C:0847H         LINE#         90
  C:0847H         LINE#         91
  C:0847H         LINE#         93
  C:084DH         LINE#         94
  C:084DH         LINE#         95
  C:0850H         LINE#         96
  C:0853H         LINE#         97
  C:0855H         LINE#         98
  C:0855H         LINE#         99
  C:0855H         LINE#         100
  C:0858H         LINE#         102
  C:0858H         LINE#         104
  C:0858H         LINE#         105
  C:085BH         LINE#         106
  C:085EH         LINE#         107
  C:0861H         LINE#         108
  C:0867H         LINE#         109
  C:0867H         LINE#         110
  C:086CH         LINE#         111
  C:086FH         LINE#         112
  C:0872H         LINE#         113
  C:0878H         LINE#         114
  C:0878H         LINE#         115
  C:087BH         LINE#         116
  C:088DH         LINE#         117
  C:088DH         LINE#         118
BL51 BANKED LINKER/LOCATER V6.22                                                      07/04/2018  11:12:40  PAGE 5


  C:088DH         LINE#         119
  C:0890H         LINE#         120
  C:0892H         LINE#         122
  C:0892H         LINE#         123
  C:0895H         LINE#         124
  C:0897H         LINE#         126
  C:0897H         LINE#         127
  C:089AH         LINE#         128
  C:089CH         LINE#         130
  C:089CH         LINE#         131
  C:089FH         LINE#         132
  C:089FH         LINE#         133
  C:089FH         LINE#         135
  C:08A5H         LINE#         136
  C:08A5H         LINE#         137
  C:08A8H         LINE#         138
  C:08ABH         LINE#         139
  C:08ADH         LINE#         140
  C:08ADH         LINE#         141
  C:08ADH         LINE#         142
  C:08B0H         LINE#         144
  C:08B0H         LINE#         146
  C:08B0H         LINE#         148
  C:08B3H         LINE#         149
  C:08B6H         LINE#         150
  C:08B9H         LINE#         151
  C:08BFH         LINE#         152
  C:08BFH         LINE#         153
  C:08C4H         LINE#         154
  C:08C7H         LINE#         155
  C:08CAH         LINE#         156
  C:08D0H         LINE#         157
  C:08D0H         LINE#         158
  C:08D3H         LINE#         159
  C:08E5H         LINE#         160
  C:08E5H         LINE#         161
  C:08E5H         LINE#         162
  C:08E8H         LINE#         163
  C:08EAH         LINE#         165
  C:08EAH         LINE#         166
  C:08EDH         LINE#         167
  C:08EFH         LINE#         169
  C:08EFH         LINE#         170
  C:08F2H         LINE#         171
  C:08F4H         LINE#         173
  C:08F4H         LINE#         174
  C:08F7H         LINE#         175
  C:08F7H         LINE#         176
  C:08F7H         LINE#         178
  C:08FDH         LINE#         179
  C:08FDH         LINE#         180
  C:0900H         LINE#         181
  C:0903H         LINE#         182
  C:0905H         LINE#         183
  C:0905H         LINE#         184
  C:0905H         LINE#         185
  C:0908H         LINE#         187
BL51 BANKED LINKER/LOCATER V6.22                                                      07/04/2018  11:12:40  PAGE 6


  C:0908H         LINE#         189
  C:0908H         LINE#         190
  C:090BH         LINE#         191
  C:090EH         LINE#         192
  C:0911H         LINE#         193
  C:0917H         LINE#         194
  C:0917H         LINE#         195
  C:091CH         LINE#         196
  C:091FH         LINE#         197
  C:0922H         LINE#         198
  C:0928H         LINE#         199
  C:0928H         LINE#         200
  C:092BH         LINE#         201
  C:093DH         LINE#         202
  C:093DH         LINE#         203
  C:093DH         LINE#         204
  C:0940H         LINE#         205
  C:0942H         LINE#         207
  C:0942H         LINE#         208
  C:0945H         LINE#         209
  C:0947H         LINE#         211
  C:0947H         LINE#         212
  C:094AH         LINE#         213
  C:094CH         LINE#         215
  C:094CH         LINE#         216
  C:094FH         LINE#         217
  C:094FH         LINE#         218
  C:094FH         LINE#         220
  C:0955H         LINE#         221
  C:0955H         LINE#         222
  C:0958H         LINE#         223
  C:095BH         LINE#         224
  C:095DH         LINE#         225
  C:095DH         LINE#         226
  C:095DH         LINE#         227
  C:0960H         LINE#         229
  C:0960H         LINE#         231
  C:0960H         LINE#         233
  -------         ENDPROC       MATRIXKEYSCAN
  -------         PROC          MAIN0
  C:0A2DH         LINE#         237
  C:0A2DH         LINE#         238
  C:0A2DH         LINE#         239
  C:0A30H         LINE#         240
  C:0A32H         LINE#         241
  C:0A35H         LINE#         242
  C:0A38H         LINE#         243
  C:0A3AH         LINE#         244
  C:0A3CH         LINE#         245
  C:0A3CH         LINE#         246
  C:0A3CH         LINE#         248
  C:0A41H         LINE#         249
  C:0A41H         LINE#         251
  C:0A44H         LINE#         253
  C:0A46H         LINE#         254
  C:0A48H         LINE#         255
  C:0A4BH         LINE#         256
BL51 BANKED LINKER/LOCATER V6.22                                                      07/04/2018  11:12:40  PAGE 7


  C:0A50H         LINE#         257
  C:0A50H         LINE#         258
  C:0A53H         LINE#         259
  C:0A53H         LINE#         260
  C:0A53H         LINE#         261
  C:0A5CH         LINE#         262
  C:0A5EH         LINE#         263
  C:0A61H         LINE#         264
  -------         ENDPROC       MAIN0
  -------         PROC          MAIN1
  C:0AA8H         LINE#         268
  C:0AA8H         LINE#         269
  C:0AA8H         LINE#         271
  C:0AA8H         LINE#         272
  C:0AA8H         LINE#         273
  C:0AABH         LINE#         274
  -------         ENDPROC       MAIN1
  -------         PROC          MAIN
  -------         DO            
  D:0006H         SYMBOL        m
  -------         ENDDO         
  C:0A93H         LINE#         280
  C:0A93H         LINE#         281
  C:0A93H         LINE#         282
  C:0A95H         LINE#         283
  C:0A95H         LINE#         284
  C:0A95H         LINE#         285
  C:0A97H         LINE#         286
  C:0A9CH         LINE#         287
  C:0A9DH         LINE#         288
  -------         ENDPROC       MAIN
  -------         PROC          TIME0
  C:0A9FH         LINE#         291
  C:0A9FH         LINE#         292
  C:0AA2H         LINE#         293
  C:0AA5H         LINE#         294
  C:0AA7H         LINE#         295
  -------         ENDPROC       TIME0
  -------         ENDMOD        TEST

*** WARNING L16: UNCALLED SEGMENT, IGNORED FOR OVERLAY PROCESS
    SEGMENT: ?PR?_DISPLAYKEYNUM?TEST

*** WARNING L16: UNCALLED SEGMENT, IGNORED FOR OVERLAY PROCESS
    SEGMENT: ?PR?MAIN0?TEST

*** WARNING L16: UNCALLED SEGMENT, IGNORED FOR OVERLAY PROCESS
    SEGMENT: ?PR?MAIN1?TEST

******************************************************************************
* RESTRICTED VERSION WITH 0800H BYTE CODE SIZE LIMIT; USED: 0236H BYTE (27%) *
******************************************************************************

Program Size: data=18.0 xdata=0 code=695
LINK/LOCATE RUN COMPLETE.  3 WARNING(S),  0 ERROR(S)
